
> walletwise-backend@1.0.0 test
> jest --coverage

node.exe : PASS 
tests/scheduler.test.js
At line:1 char:1
+ & "C:\Program 
Files\nodejs/node.exe" 
"C:\Program 
Files\nodejs/node_mo ...
+ ~~~~~~~~~~~~~~~~~~~~~~~~~~~
~~~~~~~~~~~~~~~~~~~~~~~~~~~~~
~~~~~~~~~~~~~
    + CategoryInfo           
   : NotSpecified: (PASS te  
  sts/scheduler.test.js:St   
 ring) [], RemoteExceptio    
n
    + FullyQualifiedErrorId  
   : NativeCommandError
 
  ΓùÅ Console

    console.log
      ΓÅ│ Checking for 
upcoming bills...

      at log 
(utils/scheduler.js:7:13)

    console.log
      ≡ƒöÄ Found 4 active 
bills due within 7 days.

      at log 
(utils/scheduler.js:25:17)

    console.log
      Γ£à Email sent to 
user1@example.com for Netflix

      at log 
(utils/scheduler.js:78:25)

    console.log
      Γ£à Email sent to 
user2@example.com for Gym

      at log 
(utils/scheduler.js:78:25)

    console.log
      ΓÅ│ Checking for 
upcoming bills...

      at log 
(utils/scheduler.js:7:13)

    console.log
      ≡ƒöÄ Found 0 active 
bills due within 7 days.

      at log 
(utils/scheduler.js:25:17)

FAIL tests/transactionControl
ler.test.js
  ΓùÅ Console

    console.error
      Add transaction error: 
MongoServerError: 
Transaction numbers are only 
allowed on a replica set 
member or mongos
          at 
Connection.onMessage 
(K:\Open source\WalletWise\ba
ckend\node_modules\mongodb\sr
c\cmap\connection.ts:413:18)
          at 
MessageStream.<anonymous> 
(K:\Open source\WalletWise\ba
ckend\node_modules\mongodb\sr
c\cmap\connection.ts:243:56)
          at 
MessageStream.emit 
(node:events:508:28)
          at 
processIncomingData (K:\Open 
source\WalletWise\backend\nod
e_modules\mongodb\src\cmap\me
ssage_stream.ts:193:12)
          at 
MessageStream._write 
(K:\Open source\WalletWise\ba
ckend\node_modules\mongodb\sr
c\cmap\message_stream.ts:74:5
)
          at writeOrBuffer (n
ode:internal/streams/writable
:570:12)
          at _write (node:int
ernal/streams/writable:499:10
)
          at 
MessageStream.Writable.write 
(node:internal/streams/writab
le:508:10)
          at Socket.ondata (n
ode:internal/streams/readable
:1008:24)
          at Socket.emit 
(node:events:508:28)
          at addChunk (node:i
nternal/streams/readable:559:
12)
          at 
readableAddChunkPushByteMode 
(node:internal/streams/readab
le:510:3)
          at 
Socket.Readable.push (node:in
ternal/streams/readable:390:5
)
          at 
TCP.onStreamRead (node:intern
al/stream_base_commons:189:23
) {
        ok: 0,
        code: 20,
        codeName: 
'IllegalOperation',
        Symbol(errorLabels): 
Set(0) {}
      }

    [0m [90m 151 |[39m
     [90m 152 |[39m     } 
[36mcatch[39m (error) {
    
[31m[1m>[22m[39m[90m 
153 |[39m         console[3
3m.[39merror([32m'Add 
transaction 
error:'[39m[33m,[39m 
error)[33m;[39m
     [90m     |[39m        
         [31m[1m^[22m[39m
     [90m 154 |[39m
     [90m 155 |[39m        
 [36mif[39m (
     [90m 156 |[39m        
     error[33m.[39mmessage 
[33m&&[39m[0m

      at error (controllers/t
ransactionController.js:153:1
7)
      at Object.<anonymous> (
tests/transactionController.t
est.js:69:13)

    console.error
      Add transaction error: 
MongoServerError: 
Transaction numbers are only 
allowed on a replica set 
member or mongos
          at 
Connection.onMessage 
(K:\Open source\WalletWise\ba
ckend\node_modules\mongodb\sr
c\cmap\connection.ts:413:18)
          at 
MessageStream.<anonymous> 
(K:\Open source\WalletWise\ba
ckend\node_modules\mongodb\sr
c\cmap\connection.ts:243:56)
          at 
MessageStream.emit 
(node:events:508:28)
          at 
processIncomingData (K:\Open 
source\WalletWise\backend\nod
e_modules\mongodb\src\cmap\me
ssage_stream.ts:193:12)
          at 
MessageStream._write 
(K:\Open source\WalletWise\ba
ckend\node_modules\mongodb\sr
c\cmap\message_stream.ts:74:5
)
          at writeOrBuffer (n
ode:internal/streams/writable
:570:12)
          at _write (node:int
ernal/streams/writable:499:10
)
          at 
MessageStream.Writable.write 
(node:internal/streams/writab
le:508:10)
          at Socket.ondata (n
ode:internal/streams/readable
:1008:24)
          at Socket.emit 
(node:events:508:28)
          at addChunk (node:i
nternal/streams/readable:559:
12)
          at 
readableAddChunkPushByteMode 
(node:internal/streams/readab
le:510:3)
          at 
Socket.Readable.push (node:in
ternal/streams/readable:390:5
)
          at 
TCP.onStreamRead (node:intern
al/stream_base_commons:189:23
) {
        ok: 0,
        code: 20,
        codeName: 
'IllegalOperation',
        Symbol(errorLabels): 
Set(0) {}
      }

    [0m [90m 151 |[39m
     [90m 152 |[39m     } 
[36mcatch[39m (error) {
    
[31m[1m>[22m[39m[90m 
153 |[39m         console[3
3m.[39merror([32m'Add 
transaction 
error:'[39m[33m,[39m 
error)[33m;[39m
     [90m     |[39m        
         [31m[1m^[22m[39m
     [90m 154 |[39m
     [90m 155 |[39m        
 [36mif[39m (
     [90m 156 |[39m        
     error[33m.[39mmessage 
[33m&&[39m[0m

      at error (controllers/t
ransactionController.js:153:1
7)
      at Object.<anonymous> (
tests/transactionController.t
est.js:88:13)

    console.error
      Add transaction error: 
MongoServerError: 
Transaction numbers are only 
allowed on a replica set 
member or mongos
          at 
Connection.onMessage 
(K:\Open source\WalletWise\ba
ckend\node_modules\mongodb\sr
c\cmap\connection.ts:413:18)
          at 
MessageStream.<anonymous> 
(K:\Open source\WalletWise\ba
ckend\node_modules\mongodb\sr
c\cmap\connection.ts:243:56)
          at 
MessageStream.emit 
(node:events:508:28)
          at 
processIncomingData (K:\Open 
source\WalletWise\backend\nod
e_modules\mongodb\src\cmap\me
ssage_stream.ts:193:12)
          at 
MessageStream._write 
(K:\Open source\WalletWise\ba
ckend\node_modules\mongodb\sr
c\cmap\message_stream.ts:74:5
)
          at writeOrBuffer (n
ode:internal/streams/writable
:570:12)
          at _write (node:int
ernal/streams/writable:499:10
)
          at 
MessageStream.Writable.write 
(node:internal/streams/writab
le:508:10)
          at Socket.ondata (n
ode:internal/streams/readable
:1008:24)
          at Socket.emit 
(node:events:508:28)
          at addChunk (node:i
nternal/streams/readable:559:
12)
          at 
readableAddChunkPushByteMode 
(node:internal/streams/readab
le:510:3)
          at 
Socket.Readable.push (node:in
ternal/streams/readable:390:5
)
          at 
TCP.onStreamRead (node:intern
al/stream_base_commons:189:23
) {
        ok: 0,
        code: 20,
        codeName: 
'IllegalOperation',
        Symbol(errorLabels): 
Set(0) {}
      }

    [0m [90m 151 |[39m
     [90m 152 |[39m     } 
[36mcatch[39m (error) {
    
[31m[1m>[22m[39m[90m 
153 |[39m         console[3
3m.[39merror([32m'Add 
transaction 
error:'[39m[33m,[39m 
error)[33m;[39m
     [90m     |[39m        
         [31m[1m^[22m[39m
     [90m 154 |[39m
     [90m 155 |[39m        
 [36mif[39m (
     [90m 156 |[39m        
     error[33m.[39mmessage 
[33m&&[39m[0m

      at error (controllers/t
ransactionController.js:153:1
7)
      at Object.<anonymous> (
tests/transactionController.t
est.js:115:13)

    console.error
      Add transaction error: 
MongoServerError: 
Transaction numbers are only 
allowed on a replica set 
member or mongos
          at 
Connection.onMessage 
(K:\Open source\WalletWise\ba
ckend\node_modules\mongodb\sr
c\cmap\connection.ts:413:18)
          at 
MessageStream.<anonymous> 
(K:\Open source\WalletWise\ba
ckend\node_modules\mongodb\sr
c\cmap\connection.ts:243:56)
          at 
MessageStream.emit 
(node:events:508:28)
          at 
processIncomingData (K:\Open 
source\WalletWise\backend\nod
e_modules\mongodb\src\cmap\me
ssage_stream.ts:193:12)
          at 
MessageStream._write 
(K:\Open source\WalletWise\ba
ckend\node_modules\mongodb\sr
c\cmap\message_stream.ts:74:5
)
          at writeOrBuffer (n
ode:internal/streams/writable
:570:12)
          at _write (node:int
ernal/streams/writable:499:10
)
          at 
MessageStream.Writable.write 
(node:internal/streams/writab
le:508:10)
          at Socket.ondata (n
ode:internal/streams/readable
:1008:24)
          at Socket.emit 
(node:events:508:28)
          at addChunk (node:i
nternal/streams/readable:559:
12)
          at 
readableAddChunkPushByteMode 
(node:internal/streams/readab
le:510:3)
          at 
Socket.Readable.push (node:in
ternal/streams/readable:390:5
)
          at 
TCP.onStreamRead (node:intern
al/stream_base_commons:189:23
) {
        ok: 0,
        code: 20,
        codeName: 
'IllegalOperation',
        Symbol(errorLabels): 
Set(0) {}
      }

    [0m [90m 151 |[39m
     [90m 152 |[39m     } 
[36mcatch[39m (error) {
    
[31m[1m>[22m[39m[90m 
153 |[39m         console[3
3m.[39merror([32m'Add 
transaction 
error:'[39m[33m,[39m 
error)[33m;[39m
     [90m     |[39m        
         [31m[1m^[22m[39m
     [90m 154 |[39m
     [90m 155 |[39m        
 [36mif[39m (
     [90m 156 |[39m        
     error[33m.[39mmessage 
[33m&&[39m[0m

      at error (controllers/t
ransactionController.js:153:1
7)
      at Object.<anonymous> (
tests/transactionController.t
est.js:118:13)

    console.error
      Add transaction error: 
Error: Transaction 
validation failed: category: 
`subscription` is not a 
valid enum value for path 
`category`.
          at 
ValidationError.inspect 
(K:\Open source\WalletWise\ba
ckend\node_modules\mongoose\l
ib\error\validation.js:50:26)
          at formatValue (nod
e:internal/util/inspect:897:1
9)
          at inspect (node:in
ternal/util/inspect:409:10)
          at 
formatWithOptionsInternal (no
de:internal/util/inspect:2644
:40)
          at format (node:int
ernal/util/inspect:2501:10)
          at console.error 
(K:\Open source\WalletWise\ba
ckend\node_modules\@jest\cons
ole\build\index.js:124:43)
          at error (K:\Open s
ource\WalletWise\backend\cont
rollers\transactionController
.js:153:17)
          at 
processTicksAndRejections (no
de:internal/process/task_queu
es:103:5)
          at 
Object.<anonymous> (K:\Open s
ource\WalletWise\backend\test
s\transactionController.test.
js:136:13) {
        errors: {
          category: 
ValidatorError: 
`subscription` is not a 
valid enum value for path 
`category`.
              at validate 
(K:\Open source\WalletWise\ba
ckend\node_modules\mongoose\l
ib\schematype.js:1365:13)
              at SchemaString
.SchemaType.doValidate 
(K:\Open source\WalletWise\ba
ckend\node_modules\mongoose\l
ib\schematype.js:1349:7)
              at K:\Open sour
ce\WalletWise\backend\node_mo
dules\mongoose\lib\document.j
s:3006:18
              at 
processTicksAndRejections (no
de:internal/process/task_queu
es:84:11) {
            properties: 
[Object],
            kind: 'enum',
            path: 'category',
            value: 
'subscription',
            reason: 
undefined,
            Symbol(mongoose:v
alidatorError): true
          }
        },
        _message: 
'Transaction validation 
failed'
      }

    [0m [90m 151 |[39m
     [90m 152 |[39m     } 
[36mcatch[39m (error) {
    
[31m[1m>[22m[39m[90m 
153 |[39m         console[3
3m.[39merror([32m'Add 
transaction 
error:'[39m[33m,[39m 
error)[33m;[39m
     [90m     |[39m        
         [31m[1m^[22m[39m
     [90m 154 |[39m
     [90m 155 |[39m        
 [36mif[39m (
     [90m 156 |[39m        
     error[33m.[39mmessage 
[33m&&[39m[0m

      at error (controllers/t
ransactionController.js:153:1
7)
      at Object.<anonymous> (
tests/transactionController.t
est.js:136:13)

  ΓùÅ Transaction Controller 
ΓÇ║ addTransaction ΓÇ║ 
should add income 
transaction and update 
balance

    expect(jest.fn()).toHaveB
eenCalledWith(...expected)

    Expected: 201
    Received: 500

    Number of calls: 1

    [0m [90m 69 |[39m     
        [36mawait[39m addTr
ansaction(req[33m,[39m 
res)[33m;[39m
     [90m 70 |[39m
    
[31m[1m>[22m[39m[90m 71 
|[39m             expect(res
[33m.[39mstatus)[33m.[39m
toHaveBeenCalledWith([35m201
[39m)[33m;[39m
     [90m    |[39m         
                       
[31m[1m^[22m[39m
     [90m 72 |[39m         
    [36mconst[39m data 
[33m=[39m res[33m.[39mjso
n[33m.[39mmock[33m.[39mre
sults[[35m0[39m][33m.[39m
value[33m;[39m
     [90m 73 |[39m         
    expect(data[33m.[39msuc
cess)[33m.[39mtoBe([36mtru
e[39m)[33m;[39m
     [90m 74 |[39m[0m

      at 
Object.toHaveBeenCalledWith (
tests/transactionController.t
est.js:71:32)

  ΓùÅ Transaction Controller 
ΓÇ║ addTransaction ΓÇ║ 
should add expense 
transaction and update 
balance

    expect(jest.fn()).toHaveB
eenCalledWith(...expected)

    Expected: 201
    Received: 500

    Number of calls: 1

    [0m [90m 88 |[39m     
        [36mawait[39m addTr
ansaction(req[33m,[39m 
res)[33m;[39m
     [90m 89 |[39m
    
[31m[1m>[22m[39m[90m 90 
|[39m             expect(res
[33m.[39mstatus)[33m.[39m
toHaveBeenCalledWith([35m201
[39m)[33m;[39m
     [90m    |[39m         
                       
[31m[1m^[22m[39m
     [90m 91 |[39m         
    [36mconst[39m 
updatedUser [33m=[39m 
[36mawait[39m [33mUser[39
m[33m.[39mfindById(user[33
m.[39m_id)[33m;[39m
     [90m 92 |[39m         
    expect(updatedUser[33m.
[39mwalletBalance)[33m.[39m
toBe([35m800[39m)[33m;[39
m [90m// 1000 - 200[39m
     [90m 93 |[39m         
})[33m;[39m[0m

      at 
Object.toHaveBeenCalledWith (
tests/transactionController.t
est.js:90:32)

  ΓùÅ Transaction Controller 
ΓÇ║ addTransaction ΓÇ║ 
should prevent exact 
duplicate transactions 
within 24 hours

    expect(jest.fn()).toHaveB
eenCalledWith(...expected)

    Expected: 409
    Received: 500

    Number of calls: 1

    [0m [90m 118 |[39m    
         [36mawait[39m addT
ransaction(req[33m,[39m 
res2)[33m;[39m
     [90m 119 |[39m
    
[31m[1m>[22m[39m[90m 
120 |[39m             expect
(res2[33m.[39mstatus)[33m.
[39mtoHaveBeenCalledWith([3
5m409[39m)[33m;[39m
     [90m     |[39m        
                         
[31m[1m^[22m[39m
     [90m 121 |[39m        
     [36mconst[39m data 
[33m=[39m res2[33m.[39mjs
on[33m.[39mmock[33m.[39mr
esults[[35m0[39m][33m.[39
mvalue[33m;[39m
     [90m 122 |[39m        
     expect(data[33m.[39mdu
plicate)[33m.[39mtoBe([36m
true[39m)[33m;[39m
     [90m 123 |[39m        
 })[33m;[39m[0m

      at 
Object.toHaveBeenCalledWith (
tests/transactionController.t
est.js:120:33)

  ΓùÅ Transaction Controller 
ΓÇ║ addTransaction ΓÇ║ 
should compute 
nextExecutionDate for 
recurring transaction

    TypeError: Cannot read 
properties of null (reading 
'isRecurring')

    [0m [90m 137 |[39m
     [90m 138 |[39m        
     [36mconst[39m tx 
[33m=[39m [36mawait[39m 
[33mTransaction[39m[33m.[3
9mfindOne({ 
category[33m:[39m 
[32m'subscription'[39m 
})[33m;[39m
    
[31m[1m>[22m[39m[90m 
139 |[39m             expect
(tx[33m.[39misRecurring)[3
3m.[39mtoBe([36mtrue[39m)
[33m;[39m
     [90m     |[39m        
               
[31m[1m^[22m[39m
     [90m 140 |[39m        
     expect(tx[33m.[39mrecu
rringInterval)[33m.[39mtoBe
([32m'monthly'[39m)[33m;[
39m
     [90m 141 |[39m        
     [90m// Next execution 
should be exactly 1 month 
later[39m
     [90m 142 |[39m        
     expect(tx[33m.[39mnext
ExecutionDate[33m.[39mtoISO
String())[33m.[39mtoBe([36
mnew[39m [33mDate[39m([32
m'2024-02-01T10:00:00.000Z'[
39m)[33m.[39mtoISOString())
[33m;[39m[0m

      at Object.isRecurring (
tests/transactionController.t
est.js:139:23)

  ΓùÅ Transaction Controller 
ΓÇ║ updateTransaction ΓÇ║ 
should correctly revert old 
balance effect and apply new 
one

    expect(received).toBe(exp
ected) // Object.is equality

    Expected: true
    Received: false

    [0m [90m 170 |[39m    
         [36mawait[39m upda
teTransaction(req[33m,[39m 
res)[33m;[39m
     [90m 171 |[39m
    
[31m[1m>[22m[39m[90m 
172 |[39m             expect
(res[33m.[39mjson[33m.[39
mmock[33m.[39mresults[[35m
0[39m][33m.[39mvalue[33m.
[39msuccess)[33m.[39mtoBe(
[36mtrue[39m)[33m;[39m
     [90m     |[39m        
                             
                       
[31m[1m^[22m[39m
     [90m 173 |[39m        
     [36mconst[39m 
updatedUser [33m=[39m 
[36mawait[39m [33mUser[39
m[33m.[39mfindById(user[33
m.[39m_id)[33m;[39m
     [90m 174 |[39m        
     expect(updatedUser[33m.
[39mwalletBalance)[33m.[39
mtoBe([35m1300[39m)[33m;[
39m [90m// 1000 + 100 + 
200[39m
     [90m 175 |[39m        
 })[33m;[39m[0m

      at Object.toBe (tests/t
ransactionController.test.js:
172:60)

  ΓùÅ Transaction Controller 
ΓÇ║ deleteTransaction ΓÇ║ 
should properly revert 
balance on delete

    ValidationError: 
Transaction validation 
failed: category: `bills` is 
not a valid enum value for 
path `category`.

      at 
model.Document.invalidate (no
de_modules/mongoose/lib/docum
ent.js:3221:32)
      at node_modules/mongoos
e/lib/document.js:3014:17
      at node_modules/mongoos
e/lib/schematype.js:1368:9

  ΓùÅ Transaction Controller 
ΓÇ║ getAllTransactions and 
recurring triggers ΓÇ║ 
should trigger recurring 
transactions and update dates

    ValidationError: 
Transaction validation 
failed: category: 
`recurring-test` is not a 
valid enum value for path 
`category`.

      at 
model.Document.invalidate (no
de_modules/mongoose/lib/docum
ent.js:3221:32)
      at node_modules/mongoos
e/lib/document.js:3014:17
      at node_modules/mongoos
e/lib/schematype.js:1368:9

  ΓùÅ Transaction Controller 
ΓÇ║ getAllTransactions and 
recurring triggers ΓÇ║ 
should correctly filter and 
sort transactions

    ValidationError: 
Transaction validation 
failed: category: `test` is 
not a valid enum value for 
path `category`.

      at 
model.Document.invalidate (no
de_modules/mongoose/lib/docum
ent.js:3221:32)
      at node_modules/mongoos
e/lib/document.js:3014:17
      at node_modules/mongoos
e/lib/schematype.js:1368:9

---------------------------|---------|----------|---------|---------|--------------------------------------------------------
File                       | % Stmts | % Branch | % Funcs | % Lines | Uncovered Line #s                                      
---------------------------|---------|----------|---------|---------|--------------------------------------------------------
All files                  |   45.92 |    29.13 |   37.03 |    47.1 |                                                        
 constants                 |     100 |      100 |     100 |     100 |                                                        
  categories.js            |     100 |      100 |     100 |     100 |                                                        
 controllers               |   34.56 |    23.07 |   46.15 |   35.48 |                                                        
  transactionController.js |   34.56 |    23.07 |   46.15 |   35.48 | 11,37-38,53,90,126-134,173-174,184-300,315-384,391-424 
 models                    |      50 |    13.63 |   28.57 |   53.06 |                                                        
  Subscription.js          |     100 |      100 |     100 |     100 |                                                        
  Transactions.js          |     100 |      100 |     100 |     100 |                                                        
  User.js                  |   38.09 |    13.63 |   28.57 |   41.02 | 165-166,170-171,175,179-191,195-210                    
 utils                     |   74.07 |       68 |   28.57 |   73.58 |                                                        
  appError.js              |   16.66 |        0 |       0 |   16.66 | 6-12                                                   
  catchAsync.js            |   33.33 |      100 |       0 |   33.33 | 5-6                                                    
  scheduler.js             |   84.61 |    73.68 |   33.33 |   84.61 | 29-30,83,91-95                                         
  validation.js            |   83.33 |       75 |     100 |      80 | 11                                                     
---------------------------|---------|----------|---------|---------|--------------------------------------------------------
Test Suites: 1 failed, 1 
passed, 2 total
Tests:       8 failed, 3 
passed, 11 total
Snapshots:   0 total
Time:        1.673 s, 
estimated 4 s
Ran all test suites.
